HDF5 "out-dset_compa_chunk.h5repack_layout.h5" {
DATASET "dset_compact" {
   DATATYPE  H5T_STD_I32LE
   DATASPACE  SIMPLE { ( 40, 20 ) / ( 40, 20 ) }
   STORAGE_LAYOUT {
      CHUNKED ( 2, 5 )
      SIZE 3200
   }
   FILTERS {
      NONE
   }
   FILLVALUE {
      FILL_TIME H5D_FILL_TIME_IFSET
      VALUE  H5D_FILL_VALUE_DEFAULT
   }
   ALLOCATION_TIME {
      H5D_ALLOC_TIME_INCR
   }
}
}
