HDF5 "out-ckdim_biger.h5repack_layout3.h5" {
DATASET "chunk_unlimit2" {
   DATATYPE  H5T_STD_I32LE
   DATASPACE  SIMPLE { ( 4, 50 ) / ( 4, 50 ) }
   STORAGE_LAYOUT {
      CONTIGUOUS
      SIZE 800
      OFFSET 486064
   }
   FILTERS {
      NONE
   }
   FILLVALUE {
      FILL_TIME H5D_FILL_TIME_IFSET
      VALUE  H5D_FILL_VALUE_DEFAULT
   }
   ALLOCATION_TIME {
      H5D_ALLOC_TIME_LATE
   }
}
}
