HDF5 "out-dset2_compa.h5repack_layout.h5" {
DATASET "dset2" {
   DATATYPE  H5T_STD_I32LE
   DATASPACE  SIMPLE { ( 40, 20 ) / ( 40, 20 ) }
   STORAGE_LAYOUT {
      COMPACT
      SIZE 3200
   }
   FILTERS {
      NONE
   }
   FILLVALUE {
      FILL_TIME H5D_FILL_TIME_IFSET
      VALUE  H5D_FILL_VALUE_DEFAULT
   }
   ALLOCATION_TIME {
      H5D_ALLOC_TIME_EARLY
   }
}
}
