
GROUP "/" {
   DATASET "dataset0" {
      DATATYPE  H5T_STD_I8LE
      DATASPACE  SIMPLE { ( 4 ) / ( 4 ) }
      DATA {
      (0): 13, 10, 26, 0
      }
   }
}
}
