
GROUP "/" {
   GROUP "fp" {
      DATASET "64-bit" {
         DATATYPE  H5T_IEEE_F64BE
         DATASPACE  SIMPLE { ( 4, 4, 3 ) / ( H5S_UNLIMITED, 6, 7 ) }
         DATA {
         (0,0,0): 12.3, 14.2, 15.56,
         (0,1,0): 26.782, 27.22, 28.44,
         (0,2,0): 29.33, 20.11, 11.45,
         (0,3,0): 22.31, 23.3332, 24.343,
         (1,0,0): 16.134, 19.34, 0.17,
         (1,1,0): 4.5, 8.9, 91.8,
         (1,2,0): 34.7, 0.32, 0.076,
         (1,3,0): 22.2, 88.31, 77.83,
         (2,0,0): 216.134, 139.34, 101.17,
         (2,1,0): 24.5, 82.9, 291.8,
         (2,2,0): 334.7, 0.232, 10.076,
         (2,3,0): 222.2, 88.31, 77.83,
         (3,0,0): 122.3, 114.2, 125.56,
         (3,1,0): 226.782, 27.222, 128.44,
         (3,2,0): 341.7, 30.132, 0.1076,
         (3,3,0): 4.51, 181.9, 911.8
         }
      }
   }
}
}
