
GROUP "/" {
   GROUP "fp" {
      DATASET "32-bit" {
         DATATYPE  H5T_IEEE_F32LE
         DATASPACE  SIMPLE { ( 2, 4, 3 ) / ( 2, 4, 3 ) }
         DATA {
         (0,0,0): 12.3, 14.2, 15.56,
         (0,1,0): 26.782, 27.22, 28.44,
         (0,2,0): 29.33, 20.11, 11.45,
         (0,3,0): 22.31, 23.3332, 24.343,
         (1,0,0): 16.134, 19.34, 0.17,
         (1,1,0): 4.5, 8.9, 91.8,
         (1,2,0): 34.7, 0.32, 0.076,
         (1,3,0): 22.2, 88.31, 77.83
         }
      }
   }
}
}
