
GROUP "/" {
   GROUP "int" {
      DATASET "8-bit" {
         DATATYPE  H5T_STD_I8LE
         DATASPACE  SIMPLE { ( 2, 4, 3 ) / ( H5S_UNLIMITED, H5S_UNLIMITED, H5S_UNLIMITED ) }
         DATA {
         (0,0,0): 83, 85, 87,
         (0,1,0): 89, 84, 86,
         (0,2,0): 88, 90, 85,
         (0,3,0): 87, 89, 91,
         (1,0,0): 88, 90, 92,
         (1,1,0): 94, 89, 91,
         (1,2,0): 93, 95, 90,
         (1,3,0): 92, 94, 96
         }
      }
   }
}
}
